........................................................ [ 38%]
.................................................................... [ 84%]
.......................               [100%]
=============================== warnings summary ===============================
tests/test_book_release_artifacts.py::BookReleaseArtifactTests::test_wheel_rejects_duplicate_zip_member
  /nix/store/zbcd1vkil51sfl628pbh2b5z59fibv1r-python3-3.13.12/lib/python3.13/zipfile/__init__.py:1655: UserWarning: Duplicate name: 'semantica/chapter_packages/vol1/ch01/manifest.yaml'
    return self._open_to_write(zinfo, force_zip64=force_zip64)

tests/test_semantic_engagement.py: 54 warnings
  <ontology-engineering-root>/runtime/.venv/lib/python3.13/site-packages/rdflib/plugins/serializers/trig.py:31: DeprecationWarning: Dataset.contexts is deprecated, use Dataset.graphs instead.
    self.contexts = list(store.contexts())

tests/test_semantic_engagement.py: 54 warnings
  <ontology-engineering-root>/runtime/.venv/lib/python3.13/site-packages/rdflib/plugins/serializers/trig.py:32: DeprecationWarning: Dataset.default_context is deprecated, use Dataset.default_graph instead.
    self.default_context = store.default_context.identifier

tests/test_semantic_engagement.py: 54 warnings
  <ontology-engineering-root>/runtime/.venv/lib/python3.13/site-packages/rdflib/plugins/serializers/trig.py:33: DeprecationWarning: Dataset.default_context is deprecated, use Dataset.default_graph instead.
    if store.default_context:

tests/test_semantic_engagement.py: 54 warnings
  <ontology-engineering-root>/runtime/.venv/lib/python3.13/site-packages/rdflib/plugins/serializers/trig.py:34: DeprecationWarning: Dataset.default_context is deprecated, use Dataset.default_graph instead.
    self.contexts.append(store.default_context)

tests/test_semantic_engagement.py: 54 warnings
  <ontology-engineering-root>/runtime/.venv/lib/python3.13/site-packages/rdflib/graph.py:2508: DeprecationWarning: Dataset.default_context is deprecated, use Dataset.default_graph instead.
    context = self.default_context

tests/test_semantic_engagement.py: 54 warnings
  <ontology-engineering-root>/runtime/.venv/lib/python3.13/site-packages/rdflib/plugins/parsers/trig.py:155: DeprecationWarning: ConjunctiveGraph is deprecated, use Dataset instead.
    conj_graph = ConjunctiveGraph(store=graph.store, identifier=graph.identifier)

tests/test_semantic_engagement.py::SemanticEngagementNativeRefineryTests::test_crash_after_regression_recovers_in_a_new_process
tests/test_semantic_engagement.py::SemanticEngagementNativeRefineryTests::test_crash_after_regression_recovers_in_a_new_process
tests/test_semantic_engagement.py::SemanticEngagementNativeRefineryTests::test_crash_after_regression_recovers_in_a_new_process
tests/test_semantic_engagement.py::SemanticEngagementNativeRefineryTests::test_crash_after_regression_recovers_in_a_new_process
tests/test_semantic_engagement.py::SemanticEngagementNativeRefineryTests::test_crash_after_regression_recovers_in_a_new_process
tests/test_semantic_engagement.py::SemanticEngagementNativeRefineryTests::test_crash_after_regression_recovers_in_a_new_process
tests/test_semantic_engagement.py::SemanticEngagementNativeRefineryTests::test_crash_after_regression_recovers_in_a_new_process
tests/test_semantic_engagement.py::SemanticEngagementNativeRefineryTests::test_crash_after_regression_recovers_in_a_new_process
  <ontology-engineering-root>/runtime/.venv/lib/python3.13/site-packages/rdflib/graph.py:1721: DeprecationWarning: Dataset.default_context is deprecated, use Dataset.default_graph instead.
    query_graph = self.default_context.identifier

tests/test_semantic_engagement.py::SemanticEngagementNativeRefineryTests::test_crash_after_regression_recovers_in_a_new_process
tests/test_semantic_engagement.py::SemanticEngagementNativeRefineryTests::test_crash_after_regression_recovers_in_a_new_process
tests/test_semantic_engagement.py::SemanticEngagementNativeRefineryTests::test_crash_after_regression_recovers_in_a_new_process
tests/test_semantic_engagement.py::SemanticEngagementNativeRefineryTests::test_crash_after_regression_recovers_in_a_new_process
tests/test_semantic_engagement.py::SemanticEngagementNativeRefineryTests::test_crash_after_regression_recovers_in_a_new_process
tests/test_semantic_engagement.py::SemanticEngagementNativeRefineryTests::test_crash_after_regression_recovers_in_a_new_process
tests/test_semantic_engagement.py::SemanticEngagementNativeRefineryTests::test_crash_after_regression_recovers_in_a_new_process
tests/test_semantic_engagement.py::SemanticEngagementNativeRefineryTests::test_crash_after_regression_recovers_in_a_new_process
  <ontology-engineering-root>/runtime/.venv/lib/python3.13/site-packages/rdflib/graph.py:2344: DeprecationWarning: Dataset.default_context is deprecated, use Dataset.default_graph instead.
    context = self.default_context

-- Docs: https://docs.pytest.org/en/stable/how-to/capture-warnings.html
147 passed, 341 warnings, 55 subtests passed in 21.73s
