........................................................................ [ 26%]
........................................................................ [ 53%]
........................................................................ [ 79%]
.......................................................                  [100%]
=============================== warnings summary ===============================
tests/ontology/test_governance_scenario.py: 4 warnings
tests/ontology/test_governed_ontology.py: 8 warnings
tests/ontology/test_industry_refinery.py: 204 warnings
tests/ontology/test_semantic_lifecycle.py: 3 warnings
tests/ontology/test_semantic_runtime.py: 2 warnings
tests/chapter_packages/test_domain_and_migration_registry.py: 2 warnings
tests/chapter_packages/test_normative_engraver.py: 5 warnings
tests/chapter_packages/test_semantic_package_runner.py: 6 warnings
tests/chapter_packages/test_vol1_chapter_packages.py: 2 warnings
tests/chapter_packages/test_vol2_packages.py: 83 warnings
  <ontology-engineering-root>/runtime/.venv/lib/python3.13/site-packages/rdflib/plugins/serializers/trig.py:31: DeprecationWarning: Dataset.contexts is deprecated, use Dataset.graphs instead.
    self.contexts = list(store.contexts())

tests/ontology/test_governance_scenario.py: 4 warnings
tests/ontology/test_governed_ontology.py: 8 warnings
tests/ontology/test_industry_refinery.py: 204 warnings
tests/ontology/test_semantic_lifecycle.py: 3 warnings
tests/ontology/test_semantic_runtime.py: 2 warnings
tests/chapter_packages/test_domain_and_migration_registry.py: 2 warnings
tests/chapter_packages/test_normative_engraver.py: 5 warnings
tests/chapter_packages/test_semantic_package_runner.py: 6 warnings
tests/chapter_packages/test_vol1_chapter_packages.py: 2 warnings
tests/chapter_packages/test_vol2_packages.py: 83 warnings
  <ontology-engineering-root>/runtime/.venv/lib/python3.13/site-packages/rdflib/plugins/serializers/trig.py:32: DeprecationWarning: Dataset.default_context is deprecated, use Dataset.default_graph instead.
    self.default_context = store.default_context.identifier

tests/ontology/test_governance_scenario.py: 4 warnings
tests/ontology/test_governed_ontology.py: 8 warnings
tests/ontology/test_industry_refinery.py: 204 warnings
tests/ontology/test_semantic_lifecycle.py: 3 warnings
tests/ontology/test_semantic_runtime.py: 2 warnings
tests/chapter_packages/test_domain_and_migration_registry.py: 2 warnings
tests/chapter_packages/test_normative_engraver.py: 5 warnings
tests/chapter_packages/test_semantic_package_runner.py: 6 warnings
tests/chapter_packages/test_vol1_chapter_packages.py: 2 warnings
tests/chapter_packages/test_vol2_packages.py: 83 warnings
  <ontology-engineering-root>/runtime/.venv/lib/python3.13/site-packages/rdflib/plugins/serializers/trig.py:33: DeprecationWarning: Dataset.default_context is deprecated, use Dataset.default_graph instead.
    if store.default_context:

tests/ontology/test_governance_scenario.py: 4 warnings
tests/ontology/test_governed_ontology.py: 8 warnings
tests/ontology/test_industry_refinery.py: 204 warnings
tests/ontology/test_semantic_runtime.py: 1 warning
tests/chapter_packages/test_domain_and_migration_registry.py: 2 warnings
tests/chapter_packages/test_normative_engraver.py: 5 warnings
tests/chapter_packages/test_semantic_package_runner.py: 6 warnings
tests/chapter_packages/test_vol1_chapter_packages.py: 2 warnings
tests/chapter_packages/test_vol2_packages.py: 83 warnings
  <ontology-engineering-root>/runtime/.venv/lib/python3.13/site-packages/rdflib/plugins/serializers/trig.py:34: DeprecationWarning: Dataset.default_context is deprecated, use Dataset.default_graph instead.
    self.contexts.append(store.default_context)

tests/ontology/test_governance_scenario.py: 4 warnings
tests/ontology/test_governed_ontology.py: 8 warnings
tests/ontology/test_industry_refinery.py: 204 warnings
tests/ontology/test_semantic_lifecycle.py: 8 warnings
tests/ontology/test_semantic_runtime.py: 6 warnings
tests/chapter_packages/test_domain_and_migration_registry.py: 2 warnings
tests/chapter_packages/test_normative_engraver.py: 5 warnings
tests/chapter_packages/test_semantic_package_runner.py: 6 warnings
tests/chapter_packages/test_vol1_chapter_packages.py: 2 warnings
tests/chapter_packages/test_vol2_packages.py: 83 warnings
  <ontology-engineering-root>/runtime/.venv/lib/python3.13/site-packages/rdflib/graph.py:2508: DeprecationWarning: Dataset.default_context is deprecated, use Dataset.default_graph instead.
    context = self.default_context

tests/ontology/test_governance_scenario.py: 4 warnings
tests/ontology/test_governed_ontology.py: 8 warnings
tests/ontology/test_industry_refinery.py: 204 warnings
tests/ontology/test_semantic_lifecycle.py: 8 warnings
tests/ontology/test_semantic_runtime.py: 6 warnings
tests/chapter_packages/test_domain_and_migration_registry.py: 2 warnings
tests/chapter_packages/test_normative_engraver.py: 5 warnings
tests/chapter_packages/test_semantic_package_runner.py: 6 warnings
tests/chapter_packages/test_vol1_chapter_packages.py: 2 warnings
tests/chapter_packages/test_vol2_packages.py: 83 warnings
  <ontology-engineering-root>/runtime/.venv/lib/python3.13/site-packages/rdflib/plugins/parsers/trig.py:155: DeprecationWarning: ConjunctiveGraph is deprecated, use Dataset instead.
    conj_graph = ConjunctiveGraph(store=graph.store, identifier=graph.identifier)

tests/ontology/test_governance_scenario.py: 9 warnings
tests/ontology/test_governed_ontology.py: 4 warnings
tests/ontology/test_industry_refinery.py: 146 warnings
tests/ontology/test_semantic_runtime.py: 15 warnings
tests/chapter_packages/test_package_cli_mcp.py: 4 warnings
tests/chapter_packages/test_semantic_package_runner.py: 7 warnings
tests/chapter_packages/test_vol1_chapter_packages.py: 4 warnings
tests/chapter_packages/test_vol2_packages.py: 21 warnings
  <ontology-engineering-root>/runtime/.venv/lib/python3.13/site-packages/rdflib/graph.py:1721: DeprecationWarning: Dataset.default_context is deprecated, use Dataset.default_graph instead.
    query_graph = self.default_context.identifier

tests/ontology/test_governance_scenario.py: 19 warnings
tests/ontology/test_governed_ontology.py: 4 warnings
tests/ontology/test_industry_refinery.py: 146 warnings
tests/ontology/test_semantic_runtime.py: 16 warnings
tests/chapter_packages/test_package_cli_mcp.py: 16 warnings
tests/chapter_packages/test_semantic_package_runner.py: 38 warnings
tests/chapter_packages/test_vol1_chapter_packages.py: 22 warnings
tests/chapter_packages/test_vol2_packages.py: 121 warnings
  <ontology-engineering-root>/runtime/.venv/lib/python3.13/site-packages/rdflib/graph.py:2344: DeprecationWarning: Dataset.default_context is deprecated, use Dataset.default_graph instead.
    context = self.default_context

tests/ontology/test_semantic_runtime.py: 32 warnings
tests/chapter_packages/test_semantic_package_runner.py: 28 warnings
tests/chapter_packages/test_vol1_chapter_packages.py: 22 warnings
tests/chapter_packages/test_vol2_packages.py: 1675 warnings
  <ontology-engineering-root>/runtime/.venv/lib/python3.13/site-packages/rdflib/graph.py:2340: DeprecationWarning: Dataset.default_context is deprecated, use Dataset.default_graph instead.
    if context == self.default_context:

-- Docs: https://docs.pytest.org/en/stable/how-to/capture-warnings.html
271 passed, 4277 warnings in 23.34s
